 Image asd-learning-robot:local Building
#1 [internal] load local bake definitions
#1 reading from stdin 636B done
#1 DONE 0.0s

#2 [internal] load build definition from learning.Dockerfile
#2 transferring dockerfile: 482B 0.0s done
#2 DONE 0.0s

#3 [internal] load metadata for ghcr.io/watonomous/wato_asd_training/robot:main
#3 DONE 0.0s

#4 [internal] load .dockerignore
#4 transferring context: 0.0s
#4 transferring context: 2B 0.0s done
#4 DONE 0.0s

#5 [1/5] FROM ghcr.io/watonomous/wato_asd_training/robot:main@sha256:db96aaa082da3a945936fa1f61f70a659f81ff83d1937293afb871e12887abfd
#5 resolve ghcr.io/watonomous/wato_asd_training/robot:main@sha256:db96aaa082da3a945936fa1f61f70a659f81ff83d1937293afb871e12887abfd 0.0s done
#5 DONE 0.0s

#6 [internal] load build context
#6 transferring context: 5.92kB 0.6s done
#6 DONE 0.6s

#7 [2/5] WORKDIR /workspace
#7 CACHED

#8 [3/5] COPY src/robot src
#8 DONE 0.1s

#9 [4/5] RUN . /opt/ros/humble/setup.sh && colcon build --cmake-args -DCMAKE_BUILD_TYPE=RelWithDebInfo
#9 0.607 Starting >>> control
#9 0.614 Starting >>> costmap
#9 0.618 Starting >>> map_memory
#9 0.621 Starting >>> odometry_spoof
#9 0.624 Starting >>> planner
#9 0.627 Starting >>> navigation_tests
#9 10.73 Finished <<< navigation_tests [10.1s]
#9 11.59 Finished <<< odometry_spoof [11.0s]
#9 20.47 Finished <<< costmap [19.9s]
#9 26.83 Finished <<< map_memory [26.2s]
#9 30.21 Finished <<< control [29.6s]
#9 30.88 Finished <<< planner [30.3s]
#9 30.88 Starting >>> bringup_robot
#9 31.48 Finished <<< bringup_robot [0.59s]
#9 31.50
#9 31.50 Summary: 7 packages finished [31.0s]
#9 DONE 31.7s

#10 [5/5] COPY scripts/learning-entrypoint.sh /learning-entrypoint.sh
#10 DONE 0.1s

#11 exporting to image
#11 exporting layers
#11 exporting layers 4.4s done
#11 exporting manifest sha256:8a11588fbf6af0918ba4f5d64dd423bc252f526aaae75415e97bd530ab44b9bb 0.0s done
#11 exporting config sha256:4f1daed1b35af69a06393146bc0aeefb5efb2af23c4f64f44aa24fcafe914660 0.0s done
#11 exporting attestation manifest sha256:2ad9d66f1cacea783dd108668d3e1e09dce747390cb9353b9ec47bad1192a8d5 0.0s done
#11 exporting manifest list sha256:2a748de22a2cfc64a86d2a04724b875738affe9aad0c78ca256e626e13d0671f
#11 exporting manifest list sha256:2a748de22a2cfc64a86d2a04724b875738affe9aad0c78ca256e626e13d0671f 0.0s done
#11 naming to docker.io/library/asd-learning-robot:local done
#11 unpacking to docker.io/library/asd-learning-robot:local
#11 unpacking to docker.io/library/asd-learning-robot:local 1.4s done
#11 DONE 6.1s

#12 resolving provenance for metadata file
#12 DONE 0.0s
 Image asd-learning-robot:local Built
